---
source: json_shape/tests/rfc_9535.rs
expression: shape_from_value
---
Object{arr: Array<Number>, obj: Object{x: String}}
