---
source: json_shape/tests/rfc_9535.rs
expression: shape_from_value
---
Object{store: Object{bicycle: Object{color: String, price: Number}, book: Array<Object{author: String, category: String, isbn: Option<String>, price: Number, title: String}>}}
