---
source: tests/rfc_9535.rs
expression: shape_from_value
---
Array<String>
