---
source: tests/shape.rs
expression: value
---
Object{array: Array<Number>, "array of maps": Array<Object{a: String, b: Option<Boolean>, c: Option<Number>}>, bool_false: Boolean, bool_true: Boolean, map: Object{a: String, c: Number}, nil: Null, number: Number, str: String, tuple: Tuple(Number, String, Boolean)}
