---
source: src/serde.rs
expression: shape.to_string()
---
Object{a: Number, b: String, c: Array<Number>, d: Null, e: Boolean, f: Tuple(Number, Boolean, String), obj: Object{d: Number, e: String}, objs: Tuple(Object{a: Number, b: String}, Object{a: Number, c: Boolean})}
